0 info it worked if it ends with ok
1 verbose cli [ '/usr/bin/node', '/usr/bin/npm', 'install' ]
2 info using npm@3.5.2
3 info using node@v8.10.0
4 silly loadCurrentTree Starting
5 silly install loadCurrentTree
6 silly install readLocalPackageData
7 silly install normalizeTree
8 silly loadCurrentTree Finishing
9 silly loadIdealTree Starting
10 silly install loadIdealTree
11 silly cloneCurrentTree Starting
12 silly install cloneCurrentTreeToIdealTree
13 silly cloneCurrentTree Finishing
14 silly loadShrinkwrap Starting
15 silly install loadShrinkwrap
16 silly loadShrinkwrap Finishing
17 silly loadAllDepsIntoIdealTree Starting
18 silly install loadAllDepsIntoIdealTree
19 silly fetchNamedPackageData better-sqlite3
20 silly mapToRegistry name better-sqlite3
21 silly mapToRegistry using default registry
22 silly mapToRegistry registry https://registry.npmjs.org/
23 silly mapToRegistry uri https://registry.npmjs.org/better-sqlite3
24 silly fetchNamedPackageData cross-env
25 silly mapToRegistry name cross-env
26 silly mapToRegistry using default registry
27 silly mapToRegistry registry https://registry.npmjs.org/
28 silly mapToRegistry uri https://registry.npmjs.org/cross-env
29 silly fetchNamedPackageData puppeteer
30 silly mapToRegistry name puppeteer
31 silly mapToRegistry using default registry
32 silly mapToRegistry registry https://registry.npmjs.org/
33 silly mapToRegistry uri https://registry.npmjs.org/puppeteer
34 silly fetchNamedPackageData puppeteer-core
35 silly mapToRegistry name puppeteer-core
36 silly mapToRegistry using default registry
37 silly mapToRegistry registry https://registry.npmjs.org/
38 silly mapToRegistry uri https://registry.npmjs.org/puppeteer-core
39 silly fetchNamedPackageData qrcode-terminal
40 silly mapToRegistry name qrcode-terminal
41 silly mapToRegistry using default registry
42 silly mapToRegistry registry https://registry.npmjs.org/
43 silly mapToRegistry uri https://registry.npmjs.org/qrcode-terminal
44 silly fetchNamedPackageData whatsapp-web.js
45 silly mapToRegistry name whatsapp-web.js
46 silly mapToRegistry using default registry
47 silly mapToRegistry registry https://registry.npmjs.org/
48 silly mapToRegistry uri https://registry.npmjs.org/whatsapp-web.js
49 verbose request uri https://registry.npmjs.org/better-sqlite3
50 verbose request no auth needed
51 info attempt registry request try #1 at 20:41:16
52 verbose request id 8cc2f0413feb8193
53 http request GET https://registry.npmjs.org/better-sqlite3
54 verbose request uri https://registry.npmjs.org/cross-env
55 verbose request no auth needed
56 info attempt registry request try #1 at 20:41:16
57 http request GET https://registry.npmjs.org/cross-env
58 verbose request uri https://registry.npmjs.org/puppeteer
59 verbose request no auth needed
60 info attempt registry request try #1 at 20:41:16
61 http request GET https://registry.npmjs.org/puppeteer
62 verbose request uri https://registry.npmjs.org/puppeteer-core
63 verbose request no auth needed
64 info attempt registry request try #1 at 20:41:16
65 http request GET https://registry.npmjs.org/puppeteer-core
66 verbose request uri https://registry.npmjs.org/qrcode-terminal
67 verbose request no auth needed
68 info attempt registry request try #1 at 20:41:16
69 http request GET https://registry.npmjs.org/qrcode-terminal
70 verbose request uri https://registry.npmjs.org/whatsapp-web.js
71 verbose request no auth needed
72 info attempt registry request try #1 at 20:41:16
73 http request GET https://registry.npmjs.org/whatsapp-web.js
74 http 200 https://registry.npmjs.org/qrcode-terminal
75 verbose headers { date: 'Wed, 05 Aug 2026 19:41:16 GMT',
75 verbose headers   'content-type': 'application/json',
75 verbose headers   'transfer-encoding': 'chunked',
75 verbose headers   connection: 'keep-alive',
75 verbose headers   'set-cookie':
75 verbose headers    [ '__cf_bm=tDI7UY1_ofZFOrdgMBI8DkPQ2q.8LMGvK0ya7bOe2Cg-1785958876.953196-1.0.1.1-burD7o1Wl4NSafr1LfFEBs8tPwpmuhF7_7IDq1kqyTSZqy.bWjTNJhT9C14CIgVZBuFoVlLL.uIeBxBej0wUqcLjhV2LoqyaOUGu6Q1UVYkqk8LZGxAHQI4vgsPW25vK; HttpOnly; SameSite=None; Secure; Path=/; Domain=npmjs.org; Expires=Wed, 05 Aug 2026 20:11:16 GMT',
75 verbose headers      '_cfuvid=2byeP2_rftoAkJsdRTwNH7X8eh4cPlbrnhd5Z1d1LG4-1785958876.953196-1.0.1.1-L59ZL8ga_1NORahr6FwfuCnsEAsAlFM.0KguFqTSZ64; HttpOnly; SameSite=None; Secure; Path=/; Domain=npmjs.org' ],
75 verbose headers   'cf-ray': 'a2684744fc5fb11c-MAN',
75 verbose headers   'cf-cache-status': 'HIT',
75 verbose headers   'access-control-allow-origin': '*',
75 verbose headers   age: '254',
75 verbose headers   'cache-control': 'public, max-age=300',
75 verbose headers   vary: 'accept-encoding, accept',
75 verbose headers   'last-modified': 'Sat, 25 Jun 2022 05:26:29 GMT',
75 verbose headers   server: 'cloudflare',
75 verbose headers   etag: 'W/"e2bd85fd1311a03d6e21b0289f20788d"',
75 verbose headers   'content-encoding': 'gzip' }
76 silly get cb [ 200,
76 silly get   { date: 'Wed, 05 Aug 2026 19:41:16 GMT',
76 silly get     'content-type': 'application/json',
76 silly get     'transfer-encoding': 'chunked',
76 silly get     connection: 'keep-alive',
76 silly get     'set-cookie':
76 silly get      [ '__cf_bm=tDI7UY1_ofZFOrdgMBI8DkPQ2q.8LMGvK0ya7bOe2Cg-1785958876.953196-1.0.1.1-burD7o1Wl4NSafr1LfFEBs8tPwpmuhF7_7IDq1kqyTSZqy.bWjTNJhT9C14CIgVZBuFoVlLL.uIeBxBej0wUqcLjhV2LoqyaOUGu6Q1UVYkqk8LZGxAHQI4vgsPW25vK; HttpOnly; SameSite=None; Secure; Path=/; Domain=npmjs.org; Expires=Wed, 05 Aug 2026 20:11:16 GMT',
76 silly get        '_cfuvid=2byeP2_rftoAkJsdRTwNH7X8eh4cPlbrnhd5Z1d1LG4-1785958876.953196-1.0.1.1-L59ZL8ga_1NORahr6FwfuCnsEAsAlFM.0KguFqTSZ64; HttpOnly; SameSite=None; Secure; Path=/; Domain=npmjs.org' ],
76 silly get     'cf-ray': 'a2684744fc5fb11c-MAN',
76 silly get     'cf-cache-status': 'HIT',
76 silly get     'access-control-allow-origin': '*',
76 silly get     age: '254',
76 silly get     'cache-control': 'public, max-age=300',
76 silly get     vary: 'accept-encoding, accept',
76 silly get     'last-modified': 'Sat, 25 Jun 2022 05:26:29 GMT',
76 silly get     server: 'cloudflare',
76 silly get     etag: 'W/"e2bd85fd1311a03d6e21b0289f20788d"',
76 silly get     'content-encoding': 'gzip' } ]
77 verbose get saving qrcode-terminal to /home/finns/.npm/registry.npmjs.org/qrcode-terminal/.cache.json
78 http 200 https://registry.npmjs.org/cross-env
79 verbose headers { date: 'Wed, 05 Aug 2026 19:41:16 GMT',
79 verbose headers   'content-type': 'application/json',
79 verbose headers   'transfer-encoding': 'chunked',
79 verbose headers   connection: 'keep-alive',
79 verbose headers   'set-cookie':
79 verbose headers    [ '__cf_bm=ENWI7D1YqGtUwDDOIDNxdoPbLy_BL4cWcagP5fPFsQ8-1785958876.9529886-1.0.1.1-IumnKwTr86YrYsQl6.NFDpt6.2aNT1EY5qKRpJh8ZFR17UwjeyBcCKGZdQ_9BOxOVj4AriMBzShTIMu3pbTUy0L59vLSaLEB_RXEbKsRcsdXsNnbhzYVQHygkUAZEsWf; HttpOnly; SameSite=None; Secure; Path=/; Domain=npmjs.org; Expires=Wed, 05 Aug 2026 20:11:16 GMT',
79 verbose headers      '_cfuvid=OSruaTrroB2EuqPtgP5xhQsF4wkmy1hl1rzPe5piaPA-1785958876.9529886-1.0.1.1-6CMpoQzitsAo.Aq5OXdThPRmCPVA610NMphkQL.Adng; HttpOnly; SameSite=None; Secure; Path=/; Domain=npmjs.org' ],
79 verbose headers   'cf-ray': 'a2684744fb7c97f8-MAN',
79 verbose headers   'cf-cache-status': 'HIT',
79 verbose headers   'access-control-allow-origin': '*',
79 verbose headers   age: '245',
79 verbose headers   'cache-control': 'public, max-age=300',
79 verbose headers   'last-modified': 'Mon, 29 Sep 2025 17:34:13 GMT',
79 verbose headers   server: 'cloudflare',
79 verbose headers   vary: 'accept-encoding, accept',
79 verbose headers   etag: 'W/"0d82271da265171c7ef1fe166eb49c91"',
79 verbose headers   'content-encoding': 'gzip' }
80 silly get cb [ 200,
80 silly get   { date: 'Wed, 05 Aug 2026 19:41:16 GMT',
80 silly get     'content-type': 'application/json',
80 silly get     'transfer-encoding': 'chunked',
80 silly get     connection: 'keep-alive',
80 silly get     'set-cookie':
80 silly get      [ '__cf_bm=ENWI7D1YqGtUwDDOIDNxdoPbLy_BL4cWcagP5fPFsQ8-1785958876.9529886-1.0.1.1-IumnKwTr86YrYsQl6.NFDpt6.2aNT1EY5qKRpJh8ZFR17UwjeyBcCKGZdQ_9BOxOVj4AriMBzShTIMu3pbTUy0L59vLSaLEB_RXEbKsRcsdXsNnbhzYVQHygkUAZEsWf; HttpOnly; SameSite=None; Secure; Path=/; Domain=npmjs.org; Expires=Wed, 05 Aug 2026 20:11:16 GMT',
80 silly get        '_cfuvid=OSruaTrroB2EuqPtgP5xhQsF4wkmy1hl1rzPe5piaPA-1785958876.9529886-1.0.1.1-6CMpoQzitsAo.Aq5OXdThPRmCPVA610NMphkQL.Adng; HttpOnly; SameSite=None; Secure; Path=/; Domain=npmjs.org' ],
80 silly get     'cf-ray': 'a2684744fb7c97f8-MAN',
80 silly get     'cf-cache-status': 'HIT',
80 silly get     'access-control-allow-origin': '*',
80 silly get     age: '245',
80 silly get     'cache-control': 'public, max-age=300',
80 silly get     'last-modified': 'Mon, 29 Sep 2025 17:34:13 GMT',
80 silly get     server: 'cloudflare',
80 silly get     vary: 'accept-encoding, accept',
80 silly get     etag: 'W/"0d82271da265171c7ef1fe166eb49c91"',
80 silly get     'content-encoding': 'gzip' } ]
81 verbose get saving cross-env to /home/finns/.npm/registry.npmjs.org/cross-env/.cache.json
82 silly resolveWithNewModule qrcode-terminal@0.12.0 checking installable status
83 silly cache add args [ 'qrcode-terminal@^0.12.0', null ]
84 verbose cache add spec qrcode-terminal@^0.12.0
85 silly cache add parsed spec Result {
85 silly cache add   raw: 'qrcode-terminal@^0.12.0',
85 silly cache add   scope: null,
85 silly cache add   name: 'qrcode-terminal',
85 silly cache add   rawSpec: '^0.12.0',
85 silly cache add   spec: '>=0.12.0 <0.13.0',
85 silly cache add   type: 'range' }
86 silly addNamed qrcode-terminal@>=0.12.0 <0.13.0
87 verbose addNamed ">=0.12.0 <0.13.0" is a valid semver range for qrcode-terminal
88 silly addNameRange { name: 'qrcode-terminal',
88 silly addNameRange   range: '>=0.12.0 <0.13.0',
88 silly addNameRange   hasData: false }
89 silly mapToRegistry name qrcode-terminal
90 silly mapToRegistry using default registry
91 silly mapToRegistry registry https://registry.npmjs.org/
92 silly mapToRegistry uri https://registry.npmjs.org/qrcode-terminal
93 verbose addNameRange registry:https://registry.npmjs.org/qrcode-terminal not in flight; fetching
94 verbose get https://registry.npmjs.org/qrcode-terminal not expired, no request
95 silly addNameRange number 2 { name: 'qrcode-terminal',
95 silly addNameRange   range: '>=0.12.0 <0.13.0',
95 silly addNameRange   hasData: true }
96 silly addNameRange versions [ 'qrcode-terminal',
96 silly addNameRange   [ '0.1.0',
96 silly addNameRange     '0.2.0',
96 silly addNameRange     '0.3.0',
96 silly addNameRange     '0.4.0',
96 silly addNameRange     '0.5.0',
96 silly addNameRange     '0.5.1',
96 silly addNameRange     '0.6.0',
96 silly addNameRange     '0.7.0',
96 silly addNameRange     '0.8.0',
96 silly addNameRange     '0.9.0',
96 silly addNameRange     '0.9.1',
96 silly addNameRange     '0.9.2',
96 silly addNameRange     '0.9.3',
96 silly addNameRange     '0.9.4',
96 silly addNameRange     '0.9.5',
96 silly addNameRange     '0.10.0',
96 silly addNameRange     '0.11.0',
96 silly addNameRange     '0.12.0' ] ]
97 silly addNamed qrcode-terminal@0.12.0
98 verbose addNamed "0.12.0" is a plain semver version for qrcode-terminal
99 silly resolveWithNewModule cross-env@7.0.3 checking installable status
100 silly cache add args [ 'cross-env@^7.0.3', null ]
101 verbose cache add spec cross-env@^7.0.3
102 silly cache add parsed spec Result {
102 silly cache add   raw: 'cross-env@^7.0.3',
102 silly cache add   scope: null,
102 silly cache add   name: 'cross-env',
102 silly cache add   rawSpec: '^7.0.3',
102 silly cache add   spec: '>=7.0.3 <8.0.0',
102 silly cache add   type: 'range' }
103 silly addNamed cross-env@>=7.0.3 <8.0.0
104 verbose addNamed ">=7.0.3 <8.0.0" is a valid semver range for cross-env
105 silly addNameRange { name: 'cross-env', range: '>=7.0.3 <8.0.0', hasData: false }
106 silly mapToRegistry name cross-env
107 silly mapToRegistry using default registry
108 silly mapToRegistry registry https://registry.npmjs.org/
109 silly mapToRegistry uri https://registry.npmjs.org/cross-env
110 verbose addNameRange registry:https://registry.npmjs.org/cross-env not in flight; fetching
111 silly mapToRegistry name qrcode-terminal
112 silly mapToRegistry using default registry
113 silly mapToRegistry registry https://registry.npmjs.org/
114 silly mapToRegistry uri https://registry.npmjs.org/qrcode-terminal
115 verbose addRemoteTarball https://registry.npmjs.org/qrcode-terminal/-/qrcode-terminal-0.12.0.tgz not in flight; adding
116 verbose addRemoteTarball [ 'https://registry.npmjs.org/qrcode-terminal/-/qrcode-terminal-0.12.0.tgz',
116 verbose addRemoteTarball   'bb5b699ef7f9f0505092a3748be4464fe71b5819' ]
117 http 200 https://registry.npmjs.org/better-sqlite3
118 verbose headers { date: 'Wed, 05 Aug 2026 19:41:16 GMT',
118 verbose headers   'content-type': 'application/json',
118 verbose headers   'transfer-encoding': 'chunked',
118 verbose headers   connection: 'keep-alive',
118 verbose headers   'set-cookie':
118 verbose headers    [ '__cf_bm=kaUSmuBeUi_RuZbfKutaHUo3bTECAHj7LcuvUFTV4vY-1785958876.9534075-1.0.1.1-FEwB6zUN.xT8tCsIWUg_cu_R5y6v.4XRVTl9jbjM198WzCfJ_6hFHKp2YGacMJN2acSrZ5DCJ7jmS03yQEzrrV5.doIgh4dndRXrJzV6dYopuEUYdWL.h.nu9YQKvgd3; HttpOnly; SameSite=None; Secure; Path=/; Domain=npmjs.org; Expires=Wed, 05 Aug 2026 20:11:16 GMT',
118 verbose headers      '_cfuvid=GJRpJEvBXIVn2gLRtx.ZrG3.Tsn1ToI96ELmE7sLHrY-1785958876.9534075-1.0.1.1-IbuX_KEg8BHoXVFp1zWVa7bG1JVEDL4C33Tf63Xx0Sg; HttpOnly; SameSite=None; Secure; Path=/; Domain=npmjs.org' ],
118 verbose headers   'cf-ray': 'a2684744ff6b14fb-MAN',
118 verbose headers   'cf-cache-status': 'HIT',
118 verbose headers   'access-control-allow-origin': '*',
118 verbose headers   age: '174',
118 verbose headers   'cache-control': 'public, max-age=300',
118 verbose headers   vary: 'accept-encoding, accept',
118 verbose headers   'last-modified': 'Wed, 05 Aug 2026 03:47:46 GMT',
118 verbose headers   server: 'cloudflare',
118 verbose headers   etag: 'W/"5e6caa4ecdab173070e266b5c47da2b2"',
118 verbose headers   'content-encoding': 'gzip' }
119 silly get cb [ 200,
119 silly get   { date: 'Wed, 05 Aug 2026 19:41:16 GMT',
119 silly get     'content-type': 'application/json',
119 silly get     'transfer-encoding': 'chunked',
119 silly get     connection: 'keep-alive',
119 silly get     'set-cookie':
119 silly get      [ '__cf_bm=kaUSmuBeUi_RuZbfKutaHUo3bTECAHj7LcuvUFTV4vY-1785958876.9534075-1.0.1.1-FEwB6zUN.xT8tCsIWUg_cu_R5y6v.4XRVTl9jbjM198WzCfJ_6hFHKp2YGacMJN2acSrZ5DCJ7jmS03yQEzrrV5.doIgh4dndRXrJzV6dYopuEUYdWL.h.nu9YQKvgd3; HttpOnly; SameSite=None; Secure; Path=/; Domain=npmjs.org; Expires=Wed, 05 Aug 2026 20:11:16 GMT',
119 silly get        '_cfuvid=GJRpJEvBXIVn2gLRtx.ZrG3.Tsn1ToI96ELmE7sLHrY-1785958876.9534075-1.0.1.1-IbuX_KEg8BHoXVFp1zWVa7bG1JVEDL4C33Tf63Xx0Sg; HttpOnly; SameSite=None; Secure; Path=/; Domain=npmjs.org' ],
119 silly get     'cf-ray': 'a2684744ff6b14fb-MAN',
119 silly get     'cf-cache-status': 'HIT',
119 silly get     'access-control-allow-origin': '*',
119 silly get     age: '174',
119 silly get     'cache-control': 'public, max-age=300',
119 silly get     vary: 'accept-encoding, accept',
119 silly get     'last-modified': 'Wed, 05 Aug 2026 03:47:46 GMT',
119 silly get     server: 'cloudflare',
119 silly get     etag: 'W/"5e6caa4ecdab173070e266b5c47da2b2"',
119 silly get     'content-encoding': 'gzip' } ]
120 verbose get saving better-sqlite3 to /home/finns/.npm/registry.npmjs.org/better-sqlite3/.cache.json
121 verbose get https://registry.npmjs.org/cross-env not expired, no request
122 silly addNameRange number 2 { name: 'cross-env', range: '>=7.0.3 <8.0.0', hasData: true }
123 silly addNameRange versions [ 'cross-env',
123 silly addNameRange   [ '1.0.0',
123 silly addNameRange     '1.0.1',
123 silly addNameRange     '1.0.2',
123 silly addNameRange     '1.0.3',
123 silly addNameRange     '1.0.4',
123 silly addNameRange     '1.0.5',
123 silly addNameRange     '1.0.6',
123 silly addNameRange     '1.0.7',
123 silly addNameRange     '1.0.8',
123 silly addNameRange     '2.0.0',
123 silly addNameRange     '2.0.1',
123 silly addNameRange     '3.0.0',
123 silly addNameRange     '3.1.0',
123 silly addNameRange     '3.1.1',
123 silly addNameRange     '3.1.2',
123 silly addNameRange     '3.1.3',
123 silly addNameRange     '3.1.4',
123 silly addNameRange     '3.2.0',
123 silly addNameRange     '3.2.1',
123 silly addNameRange     '3.2.2',
123 silly addNameRange     '3.2.3',
123 silly addNameRange     '3.2.4',
123 silly addNameRange     '4.0.0-beta.0',
123 silly addNameRange     '4.0.0',
123 silly addNameRange     '5.0.0-beta.0',
123 silly addNameRange     '5.0.0',
123 silly addNameRange     '5.0.1',
123 silly addNameRange     '5.0.2',
123 silly addNameRange     '5.0.3',
123 silly addNameRange     '5.0.4',
123 silly addNameRange     '5.0.5',
123 silly addNameRange     '5.1.0',
123 silly addNameRange     '5.1.1',
123 silly addNameRange     '5.1.2',
123 silly addNameRange     '5.1.3',
123 silly addNameRange     '5.1.4',
123 silly addNameRange     '5.1.5',
123 silly addNameRange     '5.1.6',
123 silly addNameRange     '5.2.0',
123 silly addNameRange     '5.2.1',
123 silly addNameRange     '6.0.0',
123 silly addNameRange     '6.0.1',
123 silly addNameRange     '6.0.2',
123 silly addNameRange     '6.0.3',
123 silly addNameRange     '7.0.0',
123 silly addNameRange     '7.0.1',
123 silly addNameRange     '7.0.2',
123 silly addNameRange     '7.0.3',
123 silly addNameRange     '10.0.0',
123 silly addNameRange     '10.1.0' ] ]
124 silly addNamed cross-env@7.0.3
125 verbose addNamed "7.0.3" is a plain semver version for cross-env
126 silly mapToRegistry name cross-env
127 silly mapToRegistry using default registry
128 silly mapToRegistry registry https://registry.npmjs.org/
129 silly mapToRegistry uri https://registry.npmjs.org/cross-env
130 verbose addRemoteTarball https://registry.npmjs.org/cross-env/-/cross-env-7.0.3.tgz not in flight; adding
131 verbose addRemoteTarball [ 'https://registry.npmjs.org/cross-env/-/cross-env-7.0.3.tgz',
131 verbose addRemoteTarball   '865264b29677dc015ba8418918965dd232fc54cf' ]
132 info retry fetch attempt 1 at 20:41:17
133 info attempt registry request try #1 at 20:41:17
134 http fetch GET https://registry.npmjs.org/qrcode-terminal/-/qrcode-terminal-0.12.0.tgz
135 info retry fetch attempt 1 at 20:41:17
136 info attempt registry request try #1 at 20:41:17
137 http fetch GET https://registry.npmjs.org/cross-env/-/cross-env-7.0.3.tgz
138 silly resolveWithNewModule better-sqlite3@8.7.0 checking installable status
139 silly cache add args [ 'better-sqlite3@^8.7.0', null ]
140 verbose cache add spec better-sqlite3@^8.7.0
141 silly cache add parsed spec Result {
141 silly cache add   raw: 'better-sqlite3@^8.7.0',
141 silly cache add   scope: null,
141 silly cache add   name: 'better-sqlite3',
141 silly cache add   rawSpec: '^8.7.0',
141 silly cache add   spec: '>=8.7.0 <9.0.0',
141 silly cache add   type: 'range' }
142 silly addNamed better-sqlite3@>=8.7.0 <9.0.0
143 verbose addNamed ">=8.7.0 <9.0.0" is a valid semver range for better-sqlite3
144 silly addNameRange { name: 'better-sqlite3',
144 silly addNameRange   range: '>=8.7.0 <9.0.0',
144 silly addNameRange   hasData: false }
145 silly mapToRegistry name better-sqlite3
146 silly mapToRegistry using default registry
147 silly mapToRegistry registry https://registry.npmjs.org/
148 silly mapToRegistry uri https://registry.npmjs.org/better-sqlite3
149 verbose addNameRange registry:https://registry.npmjs.org/better-sqlite3 not in flight; fetching
150 http fetch 200 https://registry.npmjs.org/qrcode-terminal/-/qrcode-terminal-0.12.0.tgz
151 http fetch 200 https://registry.npmjs.org/cross-env/-/cross-env-7.0.3.tgz
152 verbose get https://registry.npmjs.org/better-sqlite3 not expired, no request
153 silly addNameRange number 2 { name: 'better-sqlite3',
153 silly addNameRange   range: '>=8.7.0 <9.0.0',
153 silly addNameRange   hasData: true }
154 silly addNameRange versions [ 'better-sqlite3',
154 silly addNameRange   [ '0.5.0',
154 silly addNameRange     '0.6.0',
154 silly addNameRange     '0.6.1',
154 silly addNameRange     '0.6.2',
154 silly addNameRange     '0.7.0',
154 silly addNameRange     '0.8.0',
154 silly addNameRange     '0.8.1',
154 silly addNameRange     '0.8.2',
154 silly addNameRange     '0.9.0',
154 silly addNameRange     '0.9.1',
154 silly addNameRange     '0.9.2',
154 silly addNameRange     '0.10.0',
154 silly addNameRange     '0.10.1',
154 silly addNameRange     '0.10.2',
154 silly addNameRange     '0.10.3',
154 silly addNameRange     '1.0.0',
154 silly addNameRange     '1.0.1',
154 silly addNameRange     '1.0.2',
154 silly addNameRange     '1.1.0',
154 silly addNameRange     '1.1.1',
154 silly addNameRange     '1.1.2',
154 silly addNameRange     '1.1.3',
154 silly addNameRange     '1.2.0',
154 silly addNameRange     '1.2.1',
154 silly addNameRange     '1.3.1',
154 silly addNameRange     '1.3.2',
154 silly addNameRange     '1.3.3',
154 silly addNameRange     '1.3.4',
154 silly addNameRange     '1.3.5',
154 silly addNameRange     '1.3.6',
154 silly addNameRange     '1.3.7',
154 silly addNameRange     '1.3.8',
154 silly addNameRange     '1.3.9',
154 silly addNameRange     '1.4.0',
154 silly addNameRange     '2.0.0',
154 silly addNameRange     '2.0.1',
154 silly addNameRange     '2.1.0',
154 silly addNameRange     '2.2.0',
154 silly addNameRange     '2.3.0',
154 silly addNameRange     '2.3.1',
154 silly addNameRange     '2.3.2',
154 silly addNameRange     '2.3.3',
154 silly addNameRange     '3.0.0',
154 silly addNameRange     '3.0.3',
154 silly addNameRange     '3.1.0',
154 silly addNameRange     '3.1.1',
154 silly addNameRange     '3.1.2',
154 silly addNameRange     '3.1.3',
154 silly addNameRange     '3.2.0',
154 silly addNameRange     '3.3.0',
154 silly addNameRange     '4.0.0',
154 silly addNameRange     '4.0.1',
154 silly addNameRange     '4.0.2',
154 silly addNameRange     '4.0.3',
154 silly addNameRange     '4.1.0',
154 silly addNameRange     '4.1.1',
154 silly addNameRange     '4.1.2',
154 silly addNameRange     '4.1.3',
154 silly addNameRange     '4.1.4',
154 silly addNameRange     '5.0.0',
154 silly addNameRange     '4.2.0',
154 silly addNameRange     '5.0.1',
154 silly addNameRange     '5.2.0',
154 silly addNameRange     '5.2.1',
154 silly addNameRange     '5.3.0',
154 silly addNameRange     '5.4.0',
154 silly addNameRange     '5.4.1',
154 silly addNameRange     '5.4.2',
154 silly addNameRange     '5.4.3',
154 silly addNameRange     '6.0.0',
154 silly addNameRange     '6.0.1',
154 silly addNameRange     '7.0.0',
154 silly addNameRange     '7.0.1',
154 silly addNameRange     '7.1.0',
154 silly addNameRange     '7.1.1',
154 silly addNameRange     '7.1.2',
154 silly addNameRange     '7.1.4',
154 silly addNameRange     '7.1.5',
154 silly addNameRange     '7.2.0',
154 silly addNameRange     '7.3.0',
154 silly addNameRange     '7.3.1',
154 silly addNameRange     '7.4.0',
154 silly addNameRange     '7.4.1',
154 silly addNameRange     '7.4.2',
154 silly addNameRange     '7.4.3',
154 silly addNameRange     '7.4.4',
154 silly addNameRange     '7.4.5',
154 silly addNameRange     '7.4.6',
154 silly addNameRange     '7.5.0',
154 silly addNameRange     '7.5.1',
154 silly addNameRange     '7.5.2',
154 silly addNameRange     '7.5.3',
154 silly addNameRange     '7.6.0',
154 silly addNameRange     '7.6.1',
154 silly addNameRange     '7.6.2',
154 silly addNameRange     '8.0.0',
154 silly addNameRange     '8.0.1',
154 silly addNameRange     '8.1.0',
154 silly addNameRange     '8.2.0',
154 silly addNameRange     '8.3.0',
154 silly addNameRange     ... 59 more items ] ]
155 silly addNamed better-sqlite3@8.7.0
156 verbose addNamed "8.7.0" is a plain semver version for better-sqlite3
157 silly fetchAndShaCheck shasum 865264b29677dc015ba8418918965dd232fc54cf
158 silly mapToRegistry name better-sqlite3
159 silly mapToRegistry using default registry
160 silly mapToRegistry registry https://registry.npmjs.org/
161 silly mapToRegistry uri https://registry.npmjs.org/better-sqlite3
162 verbose addRemoteTarball https://registry.npmjs.org/better-sqlite3/-/better-sqlite3-8.7.0.tgz not in flight; adding
163 verbose addRemoteTarball [ 'https://registry.npmjs.org/better-sqlite3/-/better-sqlite3-8.7.0.tgz',
163 verbose addRemoteTarball   'bcc341856187b1d110a8a47234fa89c48c8ef538' ]
164 verbose addTmpTarball /tmp/npm-9553-9a0e2901/registry.npmjs.org/cross-env/-/cross-env-7.0.3.tgz not in flight; adding
165 verbose addTmpTarball already have metadata; skipping unpack for cross-env@7.0.3
166 info retry fetch attempt 1 at 20:41:17
167 info attempt registry request try #1 at 20:41:17
168 http fetch GET https://registry.npmjs.org/better-sqlite3/-/better-sqlite3-8.7.0.tgz
169 silly fetchAndShaCheck shasum bb5b699ef7f9f0505092a3748be4464fe71b5819
170 http 200 https://registry.npmjs.org/whatsapp-web.js
171 verbose headers { date: 'Wed, 05 Aug 2026 19:41:17 GMT',
171 verbose headers   'content-type': 'application/json',
171 verbose headers   'transfer-encoding': 'chunked',
171 verbose headers   connection: 'keep-alive',
171 verbose headers   'set-cookie':
171 verbose headers    [ '__cf_bm=k2DIomag7PY8xRx32HVX86emNR.CpTtnl4Atg4KxeaY-1785958876.9658055-1.0.1.1-IF428s53Hl2RWxutSUWHJBi._A9WrRdJ30KN2a3HP8yIFFjE3GLVd2axyWVUiVCZW8gxIctlG3SQ7pIiOr_EBqgsHHB5.gMbwx7vMvBZAvssT4Y2nHgz_PFxxF.qxRuH; HttpOnly; SameSite=None; Secure; Path=/; Domain=npmjs.org; Expires=Wed, 05 Aug 2026 20:11:17 GMT',
171 verbose headers      '_cfuvid=_fB9RoSzoxpM0jIXCjXszIq0kTuh8lRmsl3yCrxiCgc-1785958876.9658055-1.0.1.1-snkKhuQ63CR0Sy1mTxcC99YAAOyxcLq5VjHbfDKSF8M; HttpOnly; SameSite=None; Secure; Path=/; Domain=npmjs.org' ],
171 verbose headers   'cf-ray': 'a26847450b180f12-MAN',
171 verbose headers   'cf-cache-status': 'HIT',
171 verbose headers   'access-control-allow-origin': '*',
171 verbose headers   'cache-control': 'public, max-age=300',
171 verbose headers   vary: 'accept-encoding, accept',
171 verbose headers   'last-modified': 'Wed, 08 Jul 2026 09:18:15 GMT',
171 verbose headers   server: 'cloudflare',
171 verbose headers   etag: 'W/"08122803fea5430a402a4a1bd17064bb"',
171 verbose headers   'content-encoding': 'gzip' }
172 silly get cb [ 200,
172 silly get   { date: 'Wed, 05 Aug 2026 19:41:17 GMT',
172 silly get     'content-type': 'application/json',
172 silly get     'transfer-encoding': 'chunked',
172 silly get     connection: 'keep-alive',
172 silly get     'set-cookie':
172 silly get      [ '__cf_bm=k2DIomag7PY8xRx32HVX86emNR.CpTtnl4Atg4KxeaY-1785958876.9658055-1.0.1.1-IF428s53Hl2RWxutSUWHJBi._A9WrRdJ30KN2a3HP8yIFFjE3GLVd2axyWVUiVCZW8gxIctlG3SQ7pIiOr_EBqgsHHB5.gMbwx7vMvBZAvssT4Y2nHgz_PFxxF.qxRuH; HttpOnly; SameSite=None; Secure; Path=/; Domain=npmjs.org; Expires=Wed, 05 Aug 2026 20:11:17 GMT',
172 silly get        '_cfuvid=_fB9RoSzoxpM0jIXCjXszIq0kTuh8lRmsl3yCrxiCgc-1785958876.9658055-1.0.1.1-snkKhuQ63CR0Sy1mTxcC99YAAOyxcLq5VjHbfDKSF8M; HttpOnly; SameSite=None; Secure; Path=/; Domain=npmjs.org' ],
172 silly get     'cf-ray': 'a26847450b180f12-MAN',
172 silly get     'cf-cache-status': 'HIT',
172 silly get     'access-control-allow-origin': '*',
172 silly get     'cache-control': 'public, max-age=300',
172 silly get     vary: 'accept-encoding, accept',
172 silly get     'last-modified': 'Wed, 08 Jul 2026 09:18:15 GMT',
172 silly get     server: 'cloudflare',
172 silly get     etag: 'W/"08122803fea5430a402a4a1bd17064bb"',
172 silly get     'content-encoding': 'gzip' } ]
173 verbose get saving whatsapp-web.js to /home/finns/.npm/registry.npmjs.org/whatsapp-web.js/.cache.json
174 verbose addTmpTarball /tmp/npm-9553-9a0e2901/registry.npmjs.org/qrcode-terminal/-/qrcode-terminal-0.12.0.tgz not in flight; adding
175 verbose addTmpTarball already have metadata; skipping unpack for qrcode-terminal@0.12.0
176 silly resolveWithNewModule whatsapp-web.js@1.34.7 checking installable status
177 silly cache add args [ 'whatsapp-web.js@^1.34.7', null ]
178 verbose cache add spec whatsapp-web.js@^1.34.7
179 silly cache add parsed spec Result {
179 silly cache add   raw: 'whatsapp-web.js@^1.34.7',
179 silly cache add   scope: null,
179 silly cache add   name: 'whatsapp-web.js',
179 silly cache add   rawSpec: '^1.34.7',
179 silly cache add   spec: '>=1.34.7 <2.0.0',
179 silly cache add   type: 'range' }
180 silly addNamed whatsapp-web.js@>=1.34.7 <2.0.0
181 verbose addNamed ">=1.34.7 <2.0.0" is a valid semver range for whatsapp-web.js
182 silly addNameRange { name: 'whatsapp-web.js',
182 silly addNameRange   range: '>=1.34.7 <2.0.0',
182 silly addNameRange   hasData: false }
183 silly mapToRegistry name whatsapp-web.js
184 silly mapToRegistry using default registry
185 silly mapToRegistry registry https://registry.npmjs.org/
186 silly mapToRegistry uri https://registry.npmjs.org/whatsapp-web.js
187 verbose addNameRange registry:https://registry.npmjs.org/whatsapp-web.js not in flight; fetching
188 http fetch 200 https://registry.npmjs.org/better-sqlite3/-/better-sqlite3-8.7.0.tgz
189 verbose get https://registry.npmjs.org/whatsapp-web.js not expired, no request
190 silly addNameRange number 2 { name: 'whatsapp-web.js',
190 silly addNameRange   range: '>=1.34.7 <2.0.0',
190 silly addNameRange   hasData: true }
191 silly addNameRange versions [ 'whatsapp-web.js',
191 silly addNameRange   [ '0.1.0',
191 silly addNameRange     '0.1.1',
191 silly addNameRange     '0.1.2',
191 silly addNameRange     '0.2.0',
191 silly addNameRange     '0.3.0',
191 silly addNameRange     '0.3.1',
191 silly addNameRange     '0.3.2',
191 silly addNameRange     '1.0.0',
191 silly addNameRange     '1.0.1',
191 silly addNameRange     '1.0.2',
191 silly addNameRange     '1.1.0',
191 silly addNameRange     '1.2.0',
191 silly addNameRange     '1.2.1',
191 silly addNameRange     '1.2.2',
191 silly addNameRange     '1.2.3',
191 silly addNameRange     '1.2.4',
191 silly addNameRange     '1.2.5',
191 silly addNameRange     '1.3.0',
191 silly addNameRange     '1.3.1',
191 silly addNameRange     '1.4.0',
191 silly addNameRange     '1.4.1',
191 silly addNameRange     '1.5.0',
191 silly addNameRange     '1.5.1',
191 silly addNameRange     '1.6.0',
191 silly addNameRange     '1.6.1',
191 silly addNameRange     '1.7.0',
191 silly addNameRange     '1.8.0',
191 silly addNameRange     '1.8.1',
191 silly addNameRange     '1.8.1-post',
191 silly addNameRange     '1.8.2',
191 silly addNameRange     '1.9.0',
191 silly addNameRange     '1.10.0',
191 silly addNameRange     '1.11.0',
191 silly addNameRange     '1.11.1',
191 silly addNameRange     '1.11.2',
191 silly addNameRange     '1.12.0',
191 silly addNameRange     '1.12.1',
191 silly addNameRange     '1.12.2',
191 silly addNameRange     '1.12.3',
191 silly addNameRange     '1.12.4',
191 silly addNameRange     '1.12.5',
191 silly addNameRange     '1.12.6',
191 silly addNameRange     '1.13.0',
191 silly addNameRange     '1.13.1',
191 silly addNameRange     '1.13.2',
191 silly addNameRange     '1.14.0',
191 silly addNameRange     '1.14.1',
191 silly addNameRange     '1.15.0',
191 silly addNameRange     '1.15.1',
191 silly addNameRange     '1.15.2',
191 silly addNameRange     '1.15.3',
191 silly addNameRange     '1.15.4',
191 silly addNameRange     '1.15.5',
191 silly addNameRange     '1.15.6',
191 silly addNameRange     '1.15.7',
191 silly addNameRange     '1.15.8',
191 silly addNameRange     '1.16.0',
191 silly addNameRange     '1.16.1',
191 silly addNameRange     '1.16.2',
191 silly addNameRange     '1.16.3',
191 silly addNameRange     '1.16.4-alpha.0',
191 silly addNameRange     '1.16.4',
191 silly addNameRange     '1.16.5',
191 silly addNameRange     '1.16.6',
191 silly addNameRange     '1.16.7',
191 silly addNameRange     '1.17.0',
191 silly addNameRange     '1.17.1',
191 silly addNameRange     '1.18.0-alpha.0',
191 silly addNameRange     '1.18.0-alpha.1',
191 silly addNameRange     '1.18.0',
191 silly addNameRange     '1.18.1',
191 silly addNameRange     '1.18.2',
191 silly addNameRange     '1.18.3-alpha.0',
191 silly addNameRange     '1.18.3',
191 silly addNameRange     '1.18.4',
191 silly addNameRange     '1.19.0',
191 silly addNameRange     '1.19.1',
191 silly addNameRange     '1.19.2',
191 silly addNameRange     '1.20.0-alpha.0',
191 silly addNameRange     '1.19.3',
191 silly addNameRange     '1.19.4',
191 silly addNameRange     '1.19.5',
191 silly addNameRange     '1.20.0',
191 silly addNameRange     '1.21.0',
191 silly addNameRange     '1.21.1-alpha.0',
191 silly addNameRange     '1.21.1-alpha.1',
191 silly addNameRange     '2.0.0-alpha.0',
191 silly addNameRange     '1.22.0',
191 silly addNameRange     '1.22.1',
191 silly addNameRange     '1.22.2-alpha.0',
191 silly addNameRange     '1.22.2-alpha.1',
191 silly addNameRange     '1.22.2-alpha.2',
191 silly addNameRange     '1.22.2-alpha.3',
191 silly addNameRange     '1.22.2-alpha.4',
191 silly addNameRange     '1.23.0',
191 silly addNameRange     '1.23.1-alpha.0',
191 silly addNameRange     '1.23.1-alpha.1',
191 silly addNameRange     '1.23.1-alpha.2',
191 silly addNameRange     '1.23.1-alpha.3',
191 silly addNameRange     '1.23.1-alpha.4',
191 silly addNameRange     ... 33 more items ] ]
192 silly addNamed whatsapp-web.js@1.34.7
193 verbose addNamed "1.34.7" is a plain semver version for whatsapp-web.js
194 silly mapToRegistry name whatsapp-web.js
195 silly mapToRegistry using default registry
196 silly mapToRegistry registry https://registry.npmjs.org/
197 silly mapToRegistry uri https://registry.npmjs.org/whatsapp-web.js
198 verbose addRemoteTarball https://registry.npmjs.org/whatsapp-web.js/-/whatsapp-web.js-1.34.7.tgz not in flight; adding
199 verbose addRemoteTarball [ 'https://registry.npmjs.org/whatsapp-web.js/-/whatsapp-web.js-1.34.7.tgz',
199 verbose addRemoteTarball   '1abcc9e4ca9e5a5e1abd648f5304ec5e1cb4886b' ]
200 silly cache afterAdd cross-env@7.0.3
201 verbose afterAdd /home/finns/.npm/cross-env/7.0.3/package/package.json not in flight; writing
202 info retry fetch attempt 1 at 20:41:17
203 info attempt registry request try #1 at 20:41:17
204 http fetch GET https://registry.npmjs.org/whatsapp-web.js/-/whatsapp-web.js-1.34.7.tgz
205 silly cache afterAdd qrcode-terminal@0.12.0
206 verbose afterAdd /home/finns/.npm/qrcode-terminal/0.12.0/package/package.json not in flight; writing
207 verbose afterAdd /home/finns/.npm/cross-env/7.0.3/package/package.json written
208 verbose afterAdd /home/finns/.npm/qrcode-terminal/0.12.0/package/package.json written
209 http fetch 200 https://registry.npmjs.org/whatsapp-web.js/-/whatsapp-web.js-1.34.7.tgz
210 silly fetchAndShaCheck shasum 1abcc9e4ca9e5a5e1abd648f5304ec5e1cb4886b
211 verbose addTmpTarball /tmp/npm-9553-9a0e2901/registry.npmjs.org/whatsapp-web.js/-/whatsapp-web.js-1.34.7.tgz not in flight; adding
212 verbose addTmpTarball already have metadata; skipping unpack for whatsapp-web.js@1.34.7
213 http 200 https://registry.npmjs.org/puppeteer-core
214 verbose headers { date: 'Wed, 05 Aug 2026 19:41:16 GMT',
214 verbose headers   'content-type': 'application/json',
214 verbose headers   'transfer-encoding': 'chunked',
214 verbose headers   connection: 'keep-alive',
214 verbose headers   'set-cookie':
214 verbose headers    [ '__cf_bm=lL9n10Iy.jRGCxPPsu9IQ8NU85QKXd80yQryXdn3K_c-1785958876.953198-1.0.1.1-F_47mWg9tOad1reTq02xXzkboTm5lRvWex6IPeFBc0_EYqx1ulxi6lIPb0ACG5KPGWn_ywhobcyaiOeWFoTDjGZYtK4BXpvtBWm1C4FYHdXx5tUDEPG5PNoRJBuYmT_M; HttpOnly; SameSite=None; Secure; Path=/; Domain=npmjs.org; Expires=Wed, 05 Aug 2026 20:11:16 GMT',
214 verbose headers      '_cfuvid=9i6kXEjMXEDp_0W_hSi0d4ql69OPxLyMIE9I1UlD9ug-1785958876.953198-1.0.1.1-aBu1TE6PcQtq_432fQQR3wUb8rc3hPpn6TD6V9zakDI; HttpOnly; SameSite=None; Secure; Path=/; Domain=npmjs.org' ],
214 verbose headers   'cf-ray': 'a2684744f99db3e7-MAN',
214 verbose headers   'cf-cache-status': 'HIT',
214 verbose headers   'access-control-allow-origin': '*',
214 verbose headers   age: '56',
214 verbose headers   'cache-control': 'public, max-age=300',
214 verbose headers   vary: 'accept-encoding, accept',
214 verbose headers   'last-modified': 'Tue, 04 Aug 2026 09:49:32 GMT',
214 verbose headers   server: 'cloudflare',
214 verbose headers   etag: 'W/"f219f60cfb44c327ca0ce9b045d9a978"',
214 verbose headers   'content-encoding': 'gzip' }
215 silly get cb [ 200,
215 silly get   { date: 'Wed, 05 Aug 2026 19:41:16 GMT',
215 silly get     'content-type': 'application/json',
215 silly get     'transfer-encoding': 'chunked',
215 silly get     connection: 'keep-alive',
215 silly get     'set-cookie':
215 silly get      [ '__cf_bm=lL9n10Iy.jRGCxPPsu9IQ8NU85QKXd80yQryXdn3K_c-1785958876.953198-1.0.1.1-F_47mWg9tOad1reTq02xXzkboTm5lRvWex6IPeFBc0_EYqx1ulxi6lIPb0ACG5KPGWn_ywhobcyaiOeWFoTDjGZYtK4BXpvtBWm1C4FYHdXx5tUDEPG5PNoRJBuYmT_M; HttpOnly; SameSite=None; Secure; Path=/; Domain=npmjs.org; Expires=Wed, 05 Aug 2026 20:11:16 GMT',
215 silly get        '_cfuvid=9i6kXEjMXEDp_0W_hSi0d4ql69OPxLyMIE9I1UlD9ug-1785958876.953198-1.0.1.1-aBu1TE6PcQtq_432fQQR3wUb8rc3hPpn6TD6V9zakDI; HttpOnly; SameSite=None; Secure; Path=/; Domain=npmjs.org' ],
215 silly get     'cf-ray': 'a2684744f99db3e7-MAN',
215 silly get     'cf-cache-status': 'HIT',
215 silly get     'access-control-allow-origin': '*',
215 silly get     age: '56',
215 silly get     'cache-control': 'public, max-age=300',
215 silly get     vary: 'accept-encoding, accept',
215 silly get     'last-modified': 'Tue, 04 Aug 2026 09:49:32 GMT',
215 silly get     server: 'cloudflare',
215 silly get     etag: 'W/"f219f60cfb44c327ca0ce9b045d9a978"',
215 silly get     'content-encoding': 'gzip' } ]
216 verbose get saving puppeteer-core to /home/finns/.npm/registry.npmjs.org/puppeteer-core/.cache.json
217 silly cache afterAdd whatsapp-web.js@1.34.7
218 verbose afterAdd /home/finns/.npm/whatsapp-web.js/1.34.7/package/package.json not in flight; writing
219 verbose afterAdd /home/finns/.npm/whatsapp-web.js/1.34.7/package/package.json written
220 verbose stack Error: Missing required argument #1
220 verbose stack     at andLogAndFinish (/usr/share/npm/lib/fetch-package-metadata.js:31:3)
220 verbose stack     at fetchPackageMetadata (/usr/share/npm/lib/fetch-package-metadata.js:51:22)
220 verbose stack     at resolveWithNewModule (/usr/share/npm/lib/install/deps.js:456:12)
220 verbose stack     at /usr/share/npm/lib/install/deps.js:457:7
220 verbose stack     at /usr/share/npm/node_modules/iferr/index.js:13:50
220 verbose stack     at /usr/share/npm/lib/fetch-package-metadata.js:37:12
220 verbose stack     at addRequestedAndFinish (/usr/share/npm/lib/fetch-package-metadata.js:82:5)
220 verbose stack     at returnAndAddMetadata (/usr/share/npm/lib/fetch-package-metadata.js:117:7)
220 verbose stack     at pickVersionFromRegistryDocument (/usr/share/npm/lib/fetch-package-metadata.js:134:20)
220 verbose stack     at /usr/share/npm/node_modules/iferr/index.js:13:50
221 verbose cwd /home/finns/guinness-bot
222 error Linux 4.9.253-tegra
223 error argv "/usr/bin/node" "/usr/bin/npm" "install"
224 error node v8.10.0
225 error npm  v3.5.2
226 error code EMISSINGARG
227 error typeerror Error: Missing required argument #1
227 error typeerror     at andLogAndFinish (/usr/share/npm/lib/fetch-package-metadata.js:31:3)
227 error typeerror     at fetchPackageMetadata (/usr/share/npm/lib/fetch-package-metadata.js:51:22)
227 error typeerror     at resolveWithNewModule (/usr/share/npm/lib/install/deps.js:456:12)
227 error typeerror     at /usr/share/npm/lib/install/deps.js:457:7
227 error typeerror     at /usr/share/npm/node_modules/iferr/index.js:13:50
227 error typeerror     at /usr/share/npm/lib/fetch-package-metadata.js:37:12
227 error typeerror     at addRequestedAndFinish (/usr/share/npm/lib/fetch-package-metadata.js:82:5)
227 error typeerror     at returnAndAddMetadata (/usr/share/npm/lib/fetch-package-metadata.js:117:7)
227 error typeerror     at pickVersionFromRegistryDocument (/usr/share/npm/lib/fetch-package-metadata.js:134:20)
227 error typeerror     at /usr/share/npm/node_modules/iferr/index.js:13:50
228 error typeerror This is an error with npm itself. Please report this error at:
228 error typeerror     <http://github.com/npm/npm/issues>
229 verbose exit [ 1, true ]
